> Task :clean

> Task :compileJava
Note: Some input files use or override a deprecated API.
Note: Recompile with -Xlint:deprecation for details.
Note: Some input files use unchecked or unsafe operations.
Note: Recompile with -Xlint:unchecked for details.

> Task :processResources
> Task :classes

> Task :compileTestJava
/Users/valizanadya/Documents/SMT 5/APAP/tugas individu/tour-package-2306240156-be/src/test/java/apap/ti/_5/tour_package_2306240156_be/restcontroller/LocationRestControllerTest.java:25: warning: [removal] MockBean in org.springframework.boot.test.mock.mockito has been deprecated and marked for removal
    @MockBean
     ^
/Users/valizanadya/Documents/SMT 5/APAP/tugas individu/tour-package-2306240156-be/src/test/java/apap/ti/_5/tour_package_2306240156_be/restcontroller/PlanRestControllerTest.java:41: warning: [removal] MockBean in org.springframework.boot.test.mock.mockito has been deprecated and marked for removal
    @MockBean
     ^
/Users/valizanadya/Documents/SMT 5/APAP/tugas individu/tour-package-2306240156-be/src/test/java/apap/ti/_5/tour_package_2306240156_be/restcontroller/topup/TopUpTransactionRestControllerTest.java:43: warning: [removal] MockBean in org.springframework.boot.test.mock.mockito has been deprecated and marked for removal
    @MockBean
     ^
/Users/valizanadya/Documents/SMT 5/APAP/tugas individu/tour-package-2306240156-be/src/test/java/apap/ti/_5/tour_package_2306240156_be/restcontroller/topup/TopUpTransactionRestControllerTest.java:46: warning: [removal] MockBean in org.springframework.boot.test.mock.mockito has been deprecated and marked for removal
    @MockBean
     ^
/Users/valizanadya/Documents/SMT 5/APAP/tugas individu/tour-package-2306240156-be/src/test/java/apap/ti/_5/tour_package_2306240156_be/restcontroller/topup/PaymentMethodRestControllerTest.java:38: warning: [removal] MockBean in org.springframework.boot.test.mock.mockito has been deprecated and marked for removal
    @MockBean
     ^
/Users/valizanadya/Documents/SMT 5/APAP/tugas individu/tour-package-2306240156-be/src/test/java/apap/ti/_5/tour_package_2306240156_be/restcontroller/AuthControllerTest.java:30: warning: [removal] MockBean in org.springframework.boot.test.mock.mockito has been deprecated and marked for removal
    @MockBean
     ^
/Users/valizanadya/Documents/SMT 5/APAP/tugas individu/tour-package-2306240156-be/src/test/java/apap/ti/_5/tour_package_2306240156_be/restcontroller/OrderedActivityRestControllerTest.java:38: warning: [removal] MockBean in org.springframework.boot.test.mock.mockito has been deprecated and marked for removal
    @MockBean
     ^
/Users/valizanadya/Documents/SMT 5/APAP/tugas individu/tour-package-2306240156-be/src/test/java/apap/ti/_5/tour_package_2306240156_be/restcontroller/OrderedActivityRestControllerTest.java:41: warning: [removal] MockBean in org.springframework.boot.test.mock.mockito has been deprecated and marked for removal
    @MockBean
     ^
/Users/valizanadya/Documents/SMT 5/APAP/tugas individu/tour-package-2306240156-be/src/test/java/apap/ti/_5/tour_package_2306240156_be/restcontroller/OrderedActivityRestControllerTest.java:44: warning: [removal] MockBean in org.springframework.boot.test.mock.mockito has been deprecated and marked for removal
    @MockBean
     ^
/Users/valizanadya/Documents/SMT 5/APAP/tugas individu/tour-package-2306240156-be/src/test/java/apap/ti/_5/tour_package_2306240156_be/restcontroller/PackageRestControllerTest.java:50: warning: [removal] MockBean in org.springframework.boot.test.mock.mockito has been deprecated and marked for removal
        @MockBean
         ^
/Users/valizanadya/Documents/SMT 5/APAP/tugas individu/tour-package-2306240156-be/src/test/java/apap/ti/_5/tour_package_2306240156_be/restcontroller/PackageRestControllerTest.java:53: warning: [removal] MockBean in org.springframework.boot.test.mock.mockito has been deprecated and marked for removal
        @MockBean
         ^
/Users/valizanadya/Documents/SMT 5/APAP/tugas individu/tour-package-2306240156-be/src/test/java/apap/ti/_5/tour_package_2306240156_be/restcontroller/PackageRestControllerTest.java:56: warning: [removal] MockBean in org.springframework.boot.test.mock.mockito has been deprecated and marked for removal
        @MockBean
         ^
/Users/valizanadya/Documents/SMT 5/APAP/tugas individu/tour-package-2306240156-be/src/test/java/apap/ti/_5/tour_package_2306240156_be/restcontroller/PackageRestControllerTest.java:59: warning: [removal] MockBean in org.springframework.boot.test.mock.mockito has been deprecated and marked for removal
        @MockBean
         ^
/Users/valizanadya/Documents/SMT 5/APAP/tugas individu/tour-package-2306240156-be/src/test/java/apap/ti/_5/tour_package_2306240156_be/restcontroller/ActivityRestControllerTest.java:57: warning: [removal] MockBean in org.springframework.boot.test.mock.mockito has been deprecated and marked for removal
        @MockBean
         ^
/Users/valizanadya/Documents/SMT 5/APAP/tugas individu/tour-package-2306240156-be/src/test/java/apap/ti/_5/tour_package_2306240156_be/restcontroller/ActivityRestControllerTest.java:60: warning: [removal] MockBean in org.springframework.boot.test.mock.mockito has been deprecated and marked for removal
        @MockBean
         ^
/Users/valizanadya/Documents/SMT 5/APAP/tugas individu/tour-package-2306240156-be/src/test/java/apap/ti/_5/tour_package_2306240156_be/restcontroller/ActivityRestControllerTest.java:63: warning: [removal] MockBean in org.springframework.boot.test.mock.mockito has been deprecated and marked for removal
        @MockBean
         ^
/Users/valizanadya/Documents/SMT 5/APAP/tugas individu/tour-package-2306240156-be/src/test/java/apap/ti/_5/tour_package_2306240156_be/restcontroller/StatisticsRestControllerTest.java:44: warning: [removal] MockBean in org.springframework.boot.test.mock.mockito has been deprecated and marked for removal
        @MockBean
         ^
/Users/valizanadya/Documents/SMT 5/APAP/tugas individu/tour-package-2306240156-be/src/test/java/apap/ti/_5/tour_package_2306240156_be/restcontroller/StatisticsRestControllerTest.java:47: warning: [removal] MockBean in org.springframework.boot.test.mock.mockito has been deprecated and marked for removal
        @MockBean
         ^
/Users/valizanadya/Documents/SMT 5/APAP/tugas individu/tour-package-2306240156-be/src/test/java/apap/ti/_5/tour_package_2306240156_be/restcontroller/StatisticsRestControllerTest.java:50: warning: [removal] MockBean in org.springframework.boot.test.mock.mockito has been deprecated and marked for removal
        @MockBean
         ^
Note: /Users/valizanadya/Documents/SMT 5/APAP/tugas individu/tour-package-2306240156-be/src/test/java/apap/ti/_5/tour_package_2306240156_be/restservice/ProfileServiceClientTest.java uses unchecked or unsafe operations.
Note: Recompile with -Xlint:unchecked for details.
19 warnings

> Task :processTestResources
> Task :testClasses
OpenJDK 64-Bit Server VM warning: Sharing is only supported for boot loader classes because bootstrap classpath has been appended

> Task :test

PackageRestControllerTest > testGetById_PackageNotFound() FAILED
    java.lang.AssertionError at PackageRestControllerTest.java:216

PackageRestControllerTest > testProcessPackage_PackageNotFound() FAILED
    java.lang.AssertionError at PackageRestControllerTest.java:569

PackageRestControllerTest > testProcessPackage_PackageDeleted() FAILED
    java.lang.AssertionError at PackageRestControllerTest.java:625

PackageRestControllerTest > testCreate_ValidationError_EmptyUserId() FAILED
    java.lang.AssertionError at PackageRestControllerTest.java:272

PackageRestControllerTest > testGetAll_EmptyList() FAILED
    java.lang.AssertionError at PackageRestControllerTest.java:180

PackageRestControllerTest > testGetById_Success() FAILED
    java.lang.AssertionError at PackageRestControllerTest.java:196

PackageRestControllerTest > testDeletePackage_PackageNotFound() FAILED
    java.lang.AssertionError at PackageRestControllerTest.java:368

PackageRestControllerTest > testProcessPackage_InvalidStatus() FAILED
    java.lang.AssertionError at PackageRestControllerTest.java:612

PackageRestControllerTest > testUpdatePackage_ValidationError_EmptyPackageName() FAILED
    java.lang.AssertionError at PackageRestControllerTest.java:448

PackageRestControllerTest > testUpdatePackage_AlreadyProcessed() FAILED
    java.lang.AssertionError at PackageRestControllerTest.java:512

PackageRestControllerTest > testDeletePackage_Success() FAILED
    java.lang.AssertionError at PackageRestControllerTest.java:352

PackageRestControllerTest > testUpdatePackage_PackageNotFound() FAILED
    java.lang.AssertionError at PackageRestControllerTest.java:496

PackageRestControllerTest > testUpdatePackage_PackageDeleted() FAILED
    java.lang.AssertionError at PackageRestControllerTest.java:527

PackageRestControllerTest > testCreate_ServiceException() FAILED
    java.lang.AssertionError at PackageRestControllerTest.java:338

PackageRestControllerTest > testGetAll_Success() FAILED
    java.lang.AssertionError at PackageRestControllerTest.java:161

PackageRestControllerTest > testCreate_ValidationError_InvalidQuota() FAILED
    java.lang.AssertionError at PackageRestControllerTest.java:290

PackageRestControllerTest > testDeletePackage_HasPlans() FAILED
    java.lang.AssertionError at PackageRestControllerTest.java:397

PackageRestControllerTest > testUpdatePackage_ValidationError_NullDates() FAILED
    java.lang.AssertionError at PackageRestControllerTest.java:482

PackageRestControllerTest > testCreate_ValidationError_NullStartDate() FAILED
    java.lang.AssertionError at PackageRestControllerTest.java:307

PackageRestControllerTest > testProcessPackage_NoPlans() FAILED
    java.lang.AssertionError at PackageRestControllerTest.java:598

PackageRestControllerTest > testUpdatePackage_Success() FAILED
    java.lang.AssertionError at PackageRestControllerTest.java:426

PackageRestControllerTest > testUpdatePackage_ValidationError_InvalidQuota() FAILED
    java.lang.AssertionError at PackageRestControllerTest.java:466

PackageRestControllerTest > testCreate_ValidationError_NullEndDate() FAILED
    java.lang.AssertionError at PackageRestControllerTest.java:324

PackageRestControllerTest > testCreate_ValidationError_EmptyPackageName() FAILED
    java.lang.AssertionError at PackageRestControllerTest.java:255

PackageRestControllerTest > testProcessPackage_Success() FAILED
    java.lang.AssertionError at PackageRestControllerTest.java:553

PackageRestControllerTest > testCreate_Success() FAILED
    java.lang.AssertionError at PackageRestControllerTest.java:231

PackageRestControllerTest > testProcessPackage_AlreadyProcessed() FAILED
    java.lang.AssertionError at PackageRestControllerTest.java:584

PackageRestControllerTest > testDeletePackage_AlreadyProcessed() FAILED
    java.lang.AssertionError at PackageRestControllerTest.java:383

2025-11-30T22:09:42.069+07:00  INFO 26979 --- [tour-package-be] [ionShutdownHook] j.LocalContainerEntityManagerFactoryBean : Closing JPA EntityManagerFactory for persistence unit 'default'
2025-11-30T22:09:42.070+07:00  INFO 26979 --- [tour-package-be] [ionShutdownHook] com.zaxxer.hikari.HikariDataSource       : HikariPool-1 - Shutdown initiated...
2025-11-30T22:09:42.603+07:00  INFO 26979 --- [tour-package-be] [ionShutdownHook] com.zaxxer.hikari.HikariDataSource       : HikariPool-1 - Shutdown completed.

> Task :test

28 tests completed, 28 failed
There were failing tests. See the report at: file:///Users/valizanadya/Documents/SMT%205/APAP/tugas%20individu/tour-package-2306240156-be/build/reports/tests/test/index.html

> Task :jacocoTestReport

[Incubating] Problems report is available at: file:///Users/valizanadya/Documents/SMT%205/APAP/tugas%20individu/tour-package-2306240156-be/build/reports/problems/problems-report.html

BUILD SUCCESSFUL in 26s
7 actionable tasks: 7 executed
